Godot Engine v4.3.stable.official.77dcf97d8 - https://godotengine.org

=== Day 3 skill pipeline check ===
  PASS  se_irene / _cd_total = 8.000
  PASS  irene / try_cast 首次 = true
  PASS  irene / 冷却生效，第二次 = false
  PASS  irene / 爆炸伤害生效 health 1000.0 -> 907.9
  PASS  irene / 敌人 has_status(fire) = true
  PASS  se_noa / _cd_total = 12.000
  PASS  noa / 紧急部署 try_cast = true（D4-T5 已实现）
  PASS  noa / 冷却生效，第二次 = false
  PASS  se_ren / _cd_total = 10.000
  PASS  ren / 星刃爆发释放 = true
  PASS  ren / 冷却生效，第二次 = false
  PASS  ren / 释放瞬间 attack_speed == 基线×1.5 = 1.500
  PASS  ren / 5.01s 后 attack_speed 精确还原 1.0000
  PASS  well_rounded / _cd_total = 0.000
  PASS  well_rounded / can_cast = false
  PASS  well_rounded / try_cast = false（零 error）
--- 16 项断言，0 项失败 ---
DAY3 SKILL CHECK CLEAN
