Godot Engine v4.3.stable.official.77dcf97d8 - https://godotengine.org

=== Day 4 level / build pipeline check ===
  PASS  irene / 击杀 1 敌 → exp = 1.0
  PASS  irene / 1→2 级需求 = 30.000
  PASS  irene / 0→1 级需求 = 20.000
  PASS  irene / level_up 信号触发 1 次
  PASS  irene / LevelUpPanel 已出现
  PASS  irene / get_tree().paused == true
  PASS  irene / 攻击 +10% → damage_multiplier = 1.100
  PASS  irene / 范围 +8% → range_multiplier = 1.080
  PASS  irene / 选择后游戏恢复（paused = false）
  PASS  irene / 连升多级 level 2 -> 4（+2 级）
  PASS  irene / level_up 信号连发 2 次
  PASS  irene / life_steal 0.2 × 10 伤害 → 回血至 52.0
  PASS  noa / 紧急部署 try_cast = true
  PASS  noa / World 下 Turret == 3（summon 2 + passive 1）
  PASS  noa / 15s 到期后 Turret 归 0
  PASS  wr / well_rounded 直升不崩（level = 5）
  PASS  wr / 波次切换后敌人清空（BUG-001-F2 收口）
  PASS  wr / GameOverPanel 已出现
  PASS  wr / die 后 paused == true
  PASS  wr / 标题 == 你已阵亡
  PASS  wr / 点重开 → 解除暂停（场景重载零 error）
--- 21 项断言，0 项失败 ---
DAY4 LEVEL CHECK CLEAN
